root@bt:~# ifconfig

eth0      Link encap:Ethernet  HWaddr 00:50:56:94:15:a0
          inet addr:172.31.4.178  Bcast:172.31.4.255  Mask:255.255.255.0
          inet6 addr: fe80::250:56ff:fe94:15a0/64 Scope:Link
          UP BROADCAST RUNNING MULTICAST  MTU:1500  Metric:1
          RX packets:688752 errors:78 dropped:0 overruns:0 frame:0
          TX packets:343339 errors:0 dropped:0 overruns:0 carrier:0
          collisions:0 txqueuelen:1000
          RX bytes:366045081 (366.0 MB)  TX bytes:26885575 (26.8 MB)
          Interrupt:18 Base address:0x2000

lo        Link encap:Local Loopback
          inet addr:127.0.0.1  Mask:255.0.0.0
          inet6 addr: ::1/128 Scope:Host
          UP LOOPBACK RUNNING  MTU:16436  Metric:1
          RX packets:38051 errors:0 dropped:0 overruns:0 frame:0
          TX packets:38051 errors:0 dropped:0 overruns:0 carrier:0
          collisions:0 txqueuelen:0
          RX bytes:12840740 (12.8 MB)  TX bytes:12840740 (12.8 MB)

root@bt:~# nmap -sP 172.31.4.188

Starting Nmap 5.00 ( http://nmap.org ) at 2010-08-05 17:50 CST
Host localhost (172.31.4.188) is up (0.00082s latency).
MAC Address: 00:50:56:94:35:D1 (VMWare)
Nmap done: 1 IP address (1 host up) scanned in 0.16 seconds
root@bt:~# nmap -O 172.31.4.188

Starting Nmap 5.00 ( http://nmap.org ) at 2010-08-05 17:50 CST
Interesting ports on localhost (172.31.4.188):
Not shown: 988 closed ports
PORT     STATE SERVICE
21/tcp   open  ftp
22/tcp   open  ssh
23/tcp   open  telnet
25/tcp   open  smtp
53/tcp   open  domain
80/tcp   open  http
139/tcp  open  netbios-ssn
445/tcp  open  microsoft-ds
3306/tcp open  mysql
5432/tcp open  postgresql
8009/tcp open  ajp13
8180/tcp open  unknown
MAC Address: 00:50:56:94:35:D1 (VMWare)
Device type: general purpose
Running: Linux 2.6.X
OS details: Linux 2.6.9 - 2.6.28
Network Distance: 1 hop

OS detection performed. Please report any incorrect results at http://nmap.org/submit/ .
Nmap done: 1 IP address (1 host up) scanned in 2.96 seconds
root@bt:~# nmap -sS -p 1-65535 172.31.4.188

Starting Nmap 5.00 ( http://nmap.org ) at 2010-08-05 17:51 CST
Interesting ports on localhost (172.31.4.188):
Not shown: 65522 closed ports
PORT     STATE SERVICE
21/tcp   open  ftp
22/tcp   open  ssh
23/tcp   open  telnet
25/tcp   open  smtp
53/tcp   open  domain
80/tcp   open  http
139/tcp  open  netbios-ssn
445/tcp  open  microsoft-ds
3306/tcp open  mysql
3632/tcp open  distccd
5432/tcp open  postgresql
8009/tcp open  ajp13
8180/tcp open  unknown
MAC Address: 00:50:56:94:35:D1 (VMWare)

Nmap done: 1 IP address (1 host up) scanned in 13.70 seconds
root@bt:~# nmap -sV 172.31.4.188

Starting Nmap 5.00 ( http://nmap.org ) at 2010-08-05 17:51 CST
Interesting ports on localhost (172.31.4.188):
Not shown: 988 closed ports
PORT     STATE SERVICE     VERSION
21/tcp   open  ftp         ProFTPD 1.3.1
22/tcp   open  ssh         OpenSSH 4.7p1 Debian 8ubuntu1 (protocol 2.0)
23/tcp   open  telnet      Linux telnetd
25/tcp   open  smtp        Postfix smtpd
53/tcp   open  domain      ISC BIND 9.4.2
80/tcp   open  http        Apache httpd 2.2.8 ((Ubuntu) PHP/5.2.4-2ubuntu5.10 with Suhosin-Patch)
139/tcp  open  netbios-ssn Samba smbd 3.X (workgroup: WORKGROUP)
445/tcp  open  netbios-ssn Samba smbd 3.X (workgroup: WORKGROUP)
3306/tcp open  mysql       MySQL 5.0.51a-3ubuntu5
5432/tcp open  postgresql  PostgreSQL DB
8009/tcp open  ajp13?
8180/tcp open  http        Apache Tomcat/Coyote JSP engine 1.1
MAC Address: 00:50:56:94:35:D1 (VMWare)
Service Info: Host:  metasploitable.localdomain; OSs: Unix, Linux

Service detection performed. Please report any incorrect results at http://nmap.org/submit/ .
Nmap done: 1 IP address (1 host up) scanned in 47.82 seconds
